AGENTS.md: OK
.shared-tooling.snapshot: OK
Cargo.toml: OK
Cargo.lock: OK
audits/README.md: OK
audits/complexity-and-technical-debt.md: OK
audits/flow-convergence-and-duplication.md: OK
docs/principles/simplicity-and-maintainability.md: OK
docs/design/cache-policy.md: OK
crates/ic-query-cli/src/nns/leaf/model.rs: OK
crates/ic-query-cli/src/nns/leaf/run.rs: OK
crates/ic-query-cli/src/nns/macros/reports.rs: OK
crates/ic-query-cli/src/nns/data_center/reports.rs: OK
crates/ic-query-cli/src/nns/node_operator/reports.rs: OK
crates/ic-query-cli/src/nns/node_provider/reports.rs: OK
crates/ic-query/src/snapshot_cache/attempt.rs: OK
crates/ic-query/src/cache/model.rs: OK
crates/ic-query/src/nns/governance/collection.rs: OK
crates/ic-query/src/sns/report/cache_attempt.rs: OK
crates/ic-query/src/icrc/account_transaction_cache/attempt.rs: OK
crates/ic-query/src/cache_file/confined/mod.rs: OK
crates/ic-query/src/cache_file/confined/read.rs: OK
crates/ic-query/src/cache/status/header.rs: OK
crates/ic-query/src/nns/registry/replay/archive/storage.rs: OK
scripts/canister/smoke.py: OK
scripts/canister/test_smoke.py: OK
scripts/ci/run-release.sh: OK
scripts/release/adapter.sh: OK
